
> frontend@0.0.0 build
> vite build

[36mvite v7.3.1 [32mbuilding client environment for production...[36m[39m
transforming...
[32mΓ£ô[39m 47 modules transformed.
node.exe : [31mΓ£ù[39m Build failed in 203ms
At line:1 char:1
+ & "C:\Program Files\nodejs/node.exe" "C:\Program 
Files\nodejs/node_mo ...
+ ~~~~~~~~~~~~~~~~~~~~~~~~~~~~~~~~~~~~~~~~~~~~~~~~~~~~~~~~~~
~~~~~~~~~~~
    + CategoryInfo          : NotSpecified: ([31mΓ£ù[39m  
   Build failed in 203ms:String) [], RemoteException
    + FullyQualifiedErrorId : NativeCommandError
 
[31merror during build:
[31m[vite:esbuild] Transform failed with 2 errors:
C:/Users/Admin/Desktop/pppp/AI-Code-Editor/frontend/src/comp
onents/Workspace.jsx:88:9: ERROR: The symbol "isRunning" 
has already been declared
C:/Users/Admin/Desktop/pppp/AI-Code-Editor/frontend/src/comp
onents/Workspace.jsx:88:20: ERROR: The symbol 
"setIsRunning" has already been declared[31m
file: [36mC:/Users/Admin/Desktop/pppp/AI-Code-Editor/fronte
nd/src/components/Workspace.jsx:88:9[31m
[33m
[33mThe symbol "isRunning" has already been declared[33m
86 |    const [shareUrl, setShareUrl] = useState("");
87 |    const [isRunning, setIsRunning] = useState(false);
88 |    const [isRunning, setIsRunning] = useState(false);
   |           ^
89 |  
90 |    // LAYOUT PERSISTENCE

[33mThe symbol "setIsRunning" has already been 
declared[33m
86 |    const [shareUrl, setShareUrl] = useState("");
87 |    const [isRunning, setIsRunning] = useState(false);
88 |    const [isRunning, setIsRunning] = useState(false);
   |                      ^
89 |  
90 |    // LAYOUT PERSISTENCE
[31m
    at failureErrorWithLog (C:\Users\Admin\Desktop\pppp\AI-C
ode-Editor\frontend\node_modules\esbuild\lib\main.js:1467:15
)
    at C:\Users\Admin\Desktop\pppp\AI-Code-Editor\frontend\n
ode_modules\esbuild\lib\main.js:736:50
    at responseCallbacks.<computed> (C:\Users\Admin\Desktop\
pppp\AI-Code-Editor\frontend\node_modules\esbuild\lib\main.j
s:603:9)
    at handleIncomingPacket (C:\Users\Admin\Desktop\pppp\AI-
Code-Editor\frontend\node_modules\esbuild\lib\main.js:658:12
)
    at Socket.readFromStdout (C:\Users\Admin\Desktop\pppp\AI
-Code-Editor\frontend\node_modules\esbuild\lib\main.js:581:7
)
    at Socket.emit (node:events:519:28)
    at addChunk (node:internal/streams/readable:561:12)
    at readableAddChunkPushByteMode 
(node:internal/streams/readable:512:3)
    at Readable.push (node:internal/streams/readable:392:5)
    at Pipe.onStreamRead 
(node:internal/stream_base_commons:189:23)[39m
